"04-method.cl", line 4:6, Syntax error: mismatched input '(' expecting ':'
"04-method.cl", line 10:6, Syntax error: mismatched input '(' expecting ':'
Compilation halted
