"09-new-isvoid.cl", line 2:5, Syntax error: mismatched input 'f' expecting {TYPE, '}'}
"09-new-isvoid.cl", line 5:1, Syntax error: extraneous input '}' expecting {<EOF>, 'class'}
Compilation halted
