program
  class
    A
    method
      f
      formal
        x
        Int
      Int
      IF
        <=
          x
          5
        x
        +
          x
          1
