program
  class
    A
    method
      f
      formal
        x
        Int
      Object
Exception in thread "main" java.lang.NullPointerException: Cannot invoke "cool.compiler.Expression.accept(cool.compiler.ASTVisitor)" because "funcDef.body" is null
	at cool.compiler.Compiler$3.visit(Compiler.java:415)
	at cool.compiler.Compiler$3.visit(Compiler.java:260)
	at cool.compiler.FuncDef.accept(FuncDef.java:26)
	at cool.compiler.Compiler$3.lambda$visit$1(Compiler.java:375)
	at java.base/java.util.ArrayList.forEach(ArrayList.java:1511)
	at cool.compiler.Compiler$3.visit(Compiler.java:375)
	at cool.compiler.Compiler$3.visit(Compiler.java:260)
	at cool.compiler.Classs.accept(Classs.java:20)
	at cool.compiler.Compiler$3.lambda$visit$2(Compiler.java:386)
	at java.base/java.util.ArrayList.forEach(ArrayList.java:1511)
	at cool.compiler.Compiler$3.visit(Compiler.java:386)
	at cool.compiler.Compiler$3.visit(Compiler.java:260)
	at cool.compiler.Program.accept(Program.java:16)
	at cool.compiler.Compiler.main(Compiler.java:469)
	at cool.tester.Tester1.main(Tester1.java:33)
