"13-let.cl", line 2:5, Syntax error: mismatched input 'f' expecting {TYPE, '}'}
"13-let.cl", line 8:1, Syntax error: extraneous input '}' expecting {<EOF>, 'class'}
Compilation halted
