"17-big.cl", line 1:1, Syntax error: mismatched input '(' expecting 'class'
line 2:8 token recognition error at: 'ă'
line 2:15 token recognition error at: 'ă'
line 2:25 token recognition error at: 'ă'
line 2:42 token recognition error at: 'â'
line 2:66 token recognition error at: 'ș'
line 3:23 token recognition error at: '. '
line 3:27 token recognition error at: 'â'
line 3:29 token recognition error at: 'ș'
line 3:69 token recognition error at: '.\r'
line 5:16 token recognition error at: 'ă'
line 5:28 token recognition error at: '.\r'
line 25:32 token recognition error at: '>'
line 26:29 token recognition error at: '>'
line 26:38 token recognition error at: '.i'
line 27:32 token recognition error at: '>'
line 31:30 token recognition error at: '.c'
line 32:64 token recognition error at: '.p'
line 45:28 token recognition error at: '.i'
line 46:32 token recognition error at: '.i'
line 47:36 token recognition error at: '.i'
line 49:20 token recognition error at: '.p'
line 52:68 token recognition error at: '.i'
line 55:54 token recognition error at: '.o'
line 56:24 token recognition error at: '.o'
line 57:54 token recognition error at: '.o'
line 58:24 token recognition error at: '.o'
Compilation halted
