"18-error-string.cl", line 6:22, Syntax error: missing ';' at 'nirvana'
Compilation halted
