"19-error-comment.cl", line 2:5, Syntax error: mismatched input '*' expecting {ID, '}'}
"19-error-comment.cl", line 7:1, Syntax error: extraneous input '}' expecting {<EOF>, 'class'}
Compilation halted
